
> scaffold@1.12.0 test
> node scripts/agent-loop.test.ts && node tools/hoist-skill/codex.test.ts && node tools/hoist-skill/pi.test.ts && tools/hoist-skill/test && tools/sync/test && node tools/linter-setup/test && node scripts/compute-bump.test.ts && node scripts/mermaid-render.test.ts && node scripts/mermaid-watch.test.ts && node scripts/queue.test.ts && node scripts/queue-elapsed.test.ts && node scripts/queue-edit.test.ts && node scripts/queue-lock.test.ts && node scripts/queue-console.test.ts && node scripts/queue-lanes.test.ts && node scripts/voice/voice-loop.test.ts && node scripts/voice/agent.test.ts && bash scripts/test-queue-worktree.sh && bash scripts/test-queue-loop.sh && bash scripts/test-sync.sh && bash scripts/test-bootstrap.sh && bash scripts/test-rubric-format.sh && bash scripts/test-audit-skill.sh && bash scripts/test-council-skill.sh && bash scripts/test-simplify.sh && bash scripts/test-tdd-rubric.sh && bash scripts/test-mechanical-check.sh && bash scripts/test-create-pr-gate.sh && bash scripts/test-statusline.sh && bash scripts/test-linter-setup.sh && node scripts/check-resolvable.ts --strict && node scripts/update-skills-doc.ts --check

✔ duration aliases share exact finite bounds (0.798705ms)
✔ public CLI rejects malformed input and shell launchers (127.806902ms)
ℹ tests 2
ℹ suites 0
ℹ pass 2
ℹ fail 0
ℹ cancelled 0
ℹ skipped 0
ℹ todo 0
ℹ duration_ms 132.467119
✔ Codex export installs a discoverable skill and records its harness (60.795208ms)
✔ Codex plan, replay, and edit protection work through the CLI (282.533805ms)
✔ generated Codex wrappers resolve and all harnesses share the same wrapper (55.983288ms)
✔ Codex fetch generates an absent optional wrapper from a pinned source (121.764829ms)
ℹ tests 4
ℹ suites 0
ℹ pass 4
ℹ fail 0
ℹ cancelled 0
ℹ skipped 0
ℹ todo 0
ℹ duration_ms 524.411953
✔ Pi export installs a discoverable skill and records its harness (57.165104ms)
✔ Pi plan, replay, and edit protection work through the CLI (269.976039ms)
✔ Generated Pi wrappers resolve and ride along with all harnesses (54.598242ms)
ℹ tests 3
ℹ suites 0
ℹ pass 3
ℹ fail 0
ℹ cancelled 0
ℹ skipped 0
ℹ todo 0
ℹ duration_ms 385.829497

Case 1: emit feature-chain --harness claude
  ✓ exits 0
  ✓ canonical body written
  ✓ claude wrapper written
  ✓ wrapper @-includes canonical at correct depth
  ✓ wrapper has description frontmatter
  ✓ JSON output has results array

Case 2: .scaffold-keep blocks a path
  ✓ exits 0
  ✓ canonical body NOT written (kept)
  ✓ result status is kept

Case 3: differing existing file becomes *.scaffold-new
  ✓ exits 0
  ✓ original file untouched
  ✓ sidecar written

Case 4: unknown capability exits non-zero
  ✓ exits non-zero

Case 5: --list prints valid JSON
  ✓ exits 0
  ✓ stdout is valid JSON
  ✓ JSON has capabilities array
  ✓ JSON has harnesses array

Case 6: emit feature-chain --harness antigravity
  ✓ exits 0
  ✓ .agents skill written
  ✓ .agent workflow written

Case 7: claude wrapper fallback has description frontmatter
  ✓ exits 0
  ✓ claude wrapper written
  ✓ wrapper has description frontmatter
  ✓ wrapper @-includes canonical

Case 8: emit writes manifest; re-emit does not duplicate
  ✓ exits 0
  ✓ manifest written
  ✓ one entry
  ✓ correct entry
  ✓ re-emit exits 0
  ✓ still one entry (no duplicate)

Case 9: --no-record leaves no manifest
  ✓ exits 0
  ✓ no manifest written

Case 10: --from-manifest emits the recorded set
  ✓ exits 0
  ✓ canonical body written
  ✓ claude wrapper written
  ✓ results array present

Case 11: --plan outputs annotated source list
  ✓ exits 0
  ✓ stdout is valid JSON
  ✓ has ref
  ✓ has harness
  ✓ sources is array
  ✓ includes tool path
  ✓ includes RESOLVER
  ✓ includes skill body
  ✓ includes claude wrapper
  ✓ tool path required:true
  ✓ RESOLVER required:true
  ✓ skill body required:true
  ✓ claude wrapper required:false

Case 12: --names and --from-manifest are mutually exclusive
  ✓ exits non-zero

Case 13: --ref is recorded in manifest
  ✓ exits 0
  ✓ ref recorded

Case 14: --plan echoes --ref
  ✓ exits 0
  ✓ ref in plan output

Case 15: replay preserves pinned ref (no --ref passed)
  ✓ pinned ref preserved

Case 16: --from-manifest --ref re-records with new ref in place
  ✓ ref updated to new pin

Case 17: missing skill body gives actionable error (P3)
  ✓ exits non-zero
  ✓ error mentions missing source
  ✓ error includes --fetch hint
  ✓ error includes raw URL

Case 18: --fetch emits skills from a local HTTP file server
  ✓ --fetch exits 0
  ✓ --fetch: skill body written
  ✓ --fetch: claude wrapper written
  ✓ --fetch: results array present
  ✓ --fetch: manifest recorded

Case 19: --plan --from-manifest preserves pinned refs in sources
  ✓ exits 0
  ✓ stdout is valid JSON
  ✓ capability source has ref field
  ✓ capability source ref matches manifest pin

Case 20: hoist.mjs preserves back-compat export surface
  ✓ exports hoist
  ✓ re-exports readManifest (back-compat for vendored run.mjs)

71 passed, 0 failed.
  pass  case 1: bin/sync exits 1 with no policy
  pass  case 2: ref parsed
  pass  case 2: copy list
  pass  case 2: guarded path
  pass  case 2: guarded keep_marker
  pass  case 2: protected list
  pass  case 2: skills.manifest
  pass  case 3: ref defaults to main
  pass  case 4: guarded defaults to []
  pass  case 4: protected defaults to []
  pass  case 5: missing files key throws
  pass  case 6: missing skills.manifest throws
  pass  case 7: guarded entry missing keep_marker throws
  pass  case 8: guarded entry missing path throws
  pass  case 8a: unknown files sub-key throws
  pass  case 8b: unknown top-level key throws
  pass  case 8c: bare ref throws
  pass  case 8d: quoted ref unquoted
  pass  case 9: copy writes sidecar when dest differs
  pass  case 9: dest untouched
  pass  case 9: sidecar holds incoming
  pass  case 9b: force overwrites
  pass  case 9b: content updated
  pass  case 9b: no sidecar
  pass  case 9c: kept path reported
  pass  case 9c: kept file untouched
  pass  case 9c: no sidecar for kept
  pass  case 10: copy unchanged when identical
  pass  case 11: guarded writes when marker present
  pass  case 11b: guarded sidecars when dest differs
  pass  case 11b: dest untouched
  pass  case 12: guarded skips when marker absent
  pass  case 12: local file untouched
  pass  case 13: protected never written
  pass  case 13: protected file untouched
  pass  case 14: unlisted path not in results
  pass  case 14: unlisted file not written
  pass  case 15: check mode reports would-sidecar for differing dest
  pass  case 15: check mode reports would-write for fresh dest
  pass  case 15: check mode writes nothing
  pass  case 15: check mode writes no sidecar
  pass  case 16: missing src file reported as skipped
  pass  case 16a: hoist.mjs exports hoist()
  pass  case 17: hoist list returns capabilities
  pass  case 18: hoist() throws on unknown manifest entry
  pass  case 19: missing policy exits 1
  pass  case 19: missing policy message
  pass  case 20: provenance ref in output
  pass  case 21: --check exits 0
  pass  case 21: --check does not write
  pass  case 22: sync without manifest exits 0
  pass  case 22: copy file written
  pass  case 23: provenance has files= source
  pass  case 23: provenance has skills-ref=
  pass  case 24: --check exits 0
  pass  case 24: --check reports replay count
  pass  case 24: --check does not claim hoisting
  pass  case 25: local-root sync exits 0
  pass  case 25: skill body hoisted locally
  pass  case 25: claude wrapper hoisted locally
  pass  case 26: traversal path status is traversal-blocked
  pass  case 26: normal file still written
  pass  case 27: ledger round-trips a.ts
  pass  case 27: ledger round-trips b.ts
  pass  case 27: absent ledger reads empty
  pass  case 28: pristine orphan reported as orphan
  pass  case 28: orphan not deleted without --prune
  pass  case 28: orphan retained in ledger
  pass  case 29: pristine orphan pruned
  pass  case 29: orphan file deleted
  pass  case 29: pruned path dropped from ledger
  pass  case 30: check reports would-prune
  pass  case 30: check deletes nothing
  pass  case 31: modified orphan flagged
  pass  case 31: modified orphan kept on disk
  pass  case 31: modified orphan retained in ledger
  pass  case 32: kept orphan released
  pass  case 32: kept orphan not deleted
  pass  case 32: kept orphan dropped from ledger
  pass  case 33: gone orphan reported
  pass  case 33: gone orphan dropped from ledger
  pass  case 34: prune sync exits 0
  pass  case 34: orphan deleted
  pass  case 34: AGENTS.md promoted
  pass  case 34: ledger now owns AGENTS.md
  pass  case 34: ledger drops pruned orphan
  pass  case 35: first sync exits 0
  pass  case 35: no ledger means nothing pruned
  pass  case 35: ledger seeded with AGENTS.md
  pass  case 36: sync exits 0
  pass  case 36: removed file flagged with replacement
  pass  case 36: hint is read-only — file kept

92 passed, 0 failed
  ✓ js in registry
  ✓ ts in registry
  ✓ python in registry
  ✓ go in registry
  ✓ rust in registry
  ✓ ruby in registry
  ✓ shell in registry
  ✓ elixir in registry
  ✓ zig in registry
  ✓ mojo in registry
  ✓ js.extensions present
  ✓ js.linter present
  ✓ js.workflowFile present
  ✓ js.marker present
  ✓ js.metricsOnly present
  ✓ js.configFile present (metrics language)
  ✓ js.extensions non-empty array
  ✓ js.marker contains language name
  ✓ ts.extensions present
  ✓ ts.linter present
  ✓ ts.workflowFile present
  ✓ ts.marker present
  ✓ ts.metricsOnly present
  ✓ ts.configFile present (metrics language)
  ✓ ts.extensions non-empty array
  ✓ ts.marker contains language name
  ✓ python.extensions present
  ✓ python.linter present
  ✓ python.workflowFile present
  ✓ python.marker present
  ✓ python.metricsOnly present
  ✓ python.configFile present (metrics language)
  ✓ python.extensions non-empty array
  ✓ python.marker contains language name
  ✓ go.extensions present
  ✓ go.linter present
  ✓ go.workflowFile present
  ✓ go.marker present
  ✓ go.metricsOnly present
  ✓ go.configFile present (metrics language)
  ✓ go.extensions non-empty array
  ✓ go.marker contains language name
  ✓ rust.extensions present
  ✓ rust.linter present
  ✓ rust.workflowFile present
  ✓ rust.marker present
  ✓ rust.metricsOnly present
  ✓ rust.configFile present (metrics language)
  ✓ rust.extensions non-empty array
  ✓ rust.marker contains language name
  ✓ ruby.extensions present
  ✓ ruby.linter present
  ✓ ruby.workflowFile present
  ✓ ruby.marker present
  ✓ ruby.metricsOnly present
  ✓ ruby.configFile present (metrics language)
  ✓ ruby.extensions non-empty array
  ✓ ruby.marker contains language name
  ✓ shell.extensions present
  ✓ shell.linter present
  ✓ shell.workflowFile present
  ✓ shell.marker present
  ✓ shell.metricsOnly present
  ✓ shell.configFile present (metrics language)
  ✓ shell.extensions non-empty array
  ✓ shell.marker contains language name
  ✓ elixir.extensions present
  ✓ elixir.linter present
  ✓ elixir.workflowFile present
  ✓ elixir.marker present
  ✓ elixir.metricsOnly present
  ✓ elixir.configFile present (metrics language)
  ✓ elixir.extensions non-empty array
  ✓ elixir.marker contains language name
  ✓ zig.extensions present
  ✓ zig.linter present
  ✓ zig.workflowFile present
  ✓ zig.marker present
  ✓ zig.metricsOnly present
  ✓ zig.extensions non-empty array
  ✓ zig.marker contains language name
  ✓ mojo.extensions present
  ✓ mojo.linter present
  ✓ mojo.workflowFile present
  ✓ mojo.marker present
  ✓ mojo.metricsOnly present
  ✓ mojo.extensions non-empty array
  ✓ mojo.marker contains language name
  ✓ zig is metricsOnly
  ✓ mojo is metricsOnly
  ✓ js is not metricsOnly
  ✓ ts is not metricsOnly
  ✓ python is not metricsOnly
  ✓ go is not metricsOnly
  ✓ rust is not metricsOnly
  ✓ ruby is not metricsOnly
  ✓ elixir is not metricsOnly
  ✓ empty repo → no languages detected
  ✓ python detected from .py file
  ✓ python state is none (no config)
  ✓ unknown extension not reported
  ✓ js + python + go all detected
  ✓ vendored templates (lib/linters, tools/linter-setup) not detected
  ✓ real source detected alongside vendored templates
  ✓ js state is scaffold when marker present
  ✓ js state is foreign when config exists without marker
  ✓ .ts file → ts detected (not js)
  ✓ ts supersedes js when both present
  ✓ tsconfig.json promotes js → ts
  ✓ emit: eslint.config.mjs written
  ✓ emit: lint-js.yml written
  ✓ emit: scaffold marker in config
  ✓ emit: result lists 2 written files
  ✓ emit: original untouched on conflict
  ✓ emit: sidecar written on conflict
  ✓ emit: scaffold config skipped (already set up)
  ✓ emit ts: eslint.config.mjs written
  ✓ emit ts: lint-ts.yml written
  ✓ emit ts: tsconfig.json written (extraFiles)
  ✓ emit ts: scaffold marker in config
  ✓ emit ts: result lists 3 written files
  ✓ emit ts: existing tsconfig.json untouched
  ✓ emit ts: tsconfig.json sidecar written on conflict
  ✓ deps: js devDependencies added to package.json
  ✓ deps: result reports 3 packages added
  ✓ deps: second emit is idempotent (satisfied)
  ✓ deps: existing eslint in dependencies left untouched (not duplicated)
  ✓ deps: eslint not re-added
  ✓ deps: existing devDependencies preserved alongside additions
  ✓ deps: missing package.json reported as no-package-json
  ✓ deps: package.json not fabricated when absent
  ✓ deps: ts variant adds typescript-eslint
  ✓ scripts: js lint + lint:fix added to package.json
  ✓ scripts: result reports 2 scripts added
  ✓ scripts: ts lint:fix is gated on tsc --noEmit
  ✓ scripts: existing lint preserved, lint:fix still added
  ✓ scripts: existing lint not re-added
  ✓ scripts: foreign config → sidecar, scripts not injected
  ✓ deps: foreign config → sidecar, deps not injected
  ✓ emit: marker carries sha256:<hash12>
  ✓ emit: stamped hash matches template hash
  ✓ js state is stale when stamped hash differs from template
  ✓ js state is scaffold when stamped hash matches current template
  ✓ legacy marker without hash → scaffold (current)
  ✓ unreachable template → scaffold fallback (never falsely stale)

145 passed, 0 failed.
  pass  feat bumps minor
  pass  fix bumps patch
  pass  feat! bumps major
  pass  BREAKING CHANGE bumps major
  pass  docs/chore is none
  pass  feat outranks fix
  pass  fix! outranks feat
  pass  CLI prints next version
  pass  CLI prints none for no bump

9 passed, 0 failed
  pass  macOS uses open
  pass  Linux uses xdg-open
  pass  Windows uses start
  pass  titleFromPath title-cases the slug
  pass  wrapper has an H1 title
  pass  wrapper fences the mermaid
  pass  wrapper names the .mmd source
  pass  URL round-trips the source
  pass  URL carries the theme
  pass  URL fragment is base64url-safe
  pass  URL is deterministic
  pass  default base is mermaid.live
  pass  local base targets localhost
  pass  same pako across hosts
  pass  HTML inlines the SVG
  pass  HTML carries the title
  pass  HTML has pan/zoom script
  pass  HTML is self-contained (no external http refs)
  pass  HTML strips any XML prolog
  pass  template placeholders are consumed
  pass  $ in SVG is not treated as a replacement pattern
  pass  CLI --no-render --png exits non-zero
  pass  CLI --no-render --png explains the conflict
  pass  CLI refuses non-.mmd input
  pass  CLI explains the .mmd requirement
  pass  CLI --publish prints a live URL
  pass  CLI --no-render skips render
  pass  CLI --no-render without --publish exits non-zero
  pass  CLI --no-render without --publish explains why
  pass  CLI --wrap reports the wrapper path
  pass  CLI --wrap skips render
  pass  wrapper file fences the source
  pass  CLI exits non-zero on missing input

mermaid-render: 33 passed, 0 failed
  pass  positional is the file
  pass  port defaults to 8080
  pass  portable defaults false
  pass  parses --port
  pass  parses --portable
  pass  injects an SSE reload client
  pass  injects before </body>
  pass  reload snippet is self-contained (no external http)
  pass  appends when no </body>

mermaid-watch: 9 passed, 0 failed
  pass  config maxParallel
  pass  config integrationBranch
  pass  config leaseMinutes
  pass  task mode
  pass  task slug
  pass  task deps
  pass  task files
  pass  task validate
  pass  task accept
  pass  task failures
  pass  task2 owner
  pass  task2 started
  pass  statuses
  pass  round-trip config
  pass  round-trip tasks
  pass  nextId self-heals past existing ids
  pass  bare line parsed
  pass  bare line defaults direct
  pass  bare line gets id
  pass  empty defaults
  pass  cadence defaults
  pass  idlePoll round-trips
  pass  addTask metadata
  pass  addTask id
  pass  addMany
  pass  addMany extends
  pass  setField deps
  pass  moveToTop
  pass  removeTask
  pass  setConfig maxParallel
  pass  fail 1 retries (pending)
  pass  fail 1 not terminal
  pass  retry moves to back
  pass  retry records note
  pass  fail 3 terminal
  pass  terminal is failed
  pass  terminal keeps position
  pass  fresh lease is not expired
  pass  expired active lease identified
  pass  lease inspection preserves queue and ownership
  pass  dep-gated not eligible
  pass  eligible when dep done
  pass  deadlocked detected
  pass  next resumes active
  pass  next stopped null
  pass  ready under cap
  pass  ready minus active
  pass  ready at cap empty
  pass  ready stopped empty
  pass  begin sets active+owner+lease
  pass  done clears claim
  pass  pauseUntil stops + sets resumeAt
  pass  paused blocks selection
  pass  not resumed before window
  pass  auto-resumed after window
  pass  resumed queue selects again
  pass  manual stop not auto-resumed
  pass  resumeAt round-trips
  pass  drain wanted when idle+pending
  pass  no drain when active
  pass  no drain when empty
  pass  no drain when stopped
  pass  no drain when paused
  pass  no drain when dep-blocked
  pass  drain counts only eligible
  pass  independent done are archivable
  pass  done kept while a pending task depends on it
  pass  done kept while an active task depends on it
  pass  chain archivable after dependent done
  pass  failed never archivable
  pass  done archivable once its dependent has failed
  pass  first two ids are 001,002
  pass  nextId advanced to 3
  pass  queue emptied
  pass  id continues at 003 after removal
  pass  empty queue persists nextId
  pass  post-drain add keeps climbing
  pass  addMany continues the counter
  pass  addMany advances nextId
  pass  add after a hand-typed high id jumps past it
  pass  id-less line synthesized from the counter
  pass  counter advanced past the synthesized id
  pass  move to head
  pass  move to middle
  pass  move to last
  pass  move clamps past end
  pass  move clamps negative
  pass  move unknown id is a no-op
  pass  move preserves untouched relative order
  pass  move keeps task fields intact
  pass  move survives round-trip
  pass  requeue failed → pending
  pass  requeue clears failures
  pass  requeue clears note/owner/started
  pass  requeue keeps position
  pass  requeue resets a retrying pending task
  pass  requeue clean pending is a no-op
  pass  requeue unknown id is a no-op
  pass  requeue active task is a no-op
  pass  requeue survives round-trip
  pass  unclaim active → pending
  pass  unclaim clears owner/started
  pass  unclaim banks the session
  pass  unclaim keeps position
  pass  unclaim pending is a no-op
  pass  unclaim unknown id is a no-op
  pass  hold sets the flag
  pass  held task not eligible
  pass  unhold clears the flag
  pass  hold survives round-trip
  pass  forceFail goes terminal in place
  pass  forceFail stamps the operator note + clears the lease
  pass  forceFail keeps position
  pass  reopen done → pending
  pass  reopen pending is a no-op
  pass  sweep takes failed and free done
  pass  sweep keeps a done task with an unfinished dependent
  pass  sweep with nothing finished is empty
  pass  gate returns the gated ids
  pass  gate skips the gate task itself
  pass  gate skips done tasks
  pass  gate skips failed tasks
  pass  gate adds the dep to a pending task
  pass  gate preserves an existing dep
  pass  a gated task is no longer eligible
  pass  the gate task stays eligible
  pass  gate is idempotent (no re-gate)
  pass  gate idempotent leaves deps unchanged
  pass  gate --only filters by title
  pass  gate --only matches by id
  pass  gate skips an ancestor of the gate (no cycle)
  pass  gate ancestor keeps clean deps
  pass  gate unknown id is a no-op
  pass  ungate returns the ungated ids
  pass  ungate drops the sole dep
  pass  ungate trims a multi-dep list
  pass  ungate restores eligibility
  pass  gate→ungate round-trips to the original deps
  pass  ungate with no dependents is a no-op

queue.test: 139 passed, 0 failed
  pass  fresh task starts at zero
  pass  done banks the session in seconds
  pass  seconds survive
  pass  sessions accumulate
  pass  fail banks the attempt
  pass  no lease banks zero
  pass  parses 2h15m30s
  pass  parses bare minutes
  pass  parses seconds
  pass  scales 45s
  pass  scales 90m not hours
  pass  floors to whole minutes
  pass  elapsed settable + serialized exact

queue-elapsed.test: 13 passed, 0 failed
queue-edit: persisted edits, invalid edits, and gate lifecycle PASS
queue-lock: live lock records owner metadata PASS
queue-lock: concurrent CLI mutations retain every record PASS
queue-lock: validation releases and reloads the transaction PASS
done: task-001 changed during validation; inspect and retry
queue-lock: validation refuses a changed task claim PASS
  pass  state passes config through
  pass  state keeps priority order
  pass  eligible pending flagged
  pass  dep-blocked not eligible
  pass  failed task not eligible
  pass  child of failed dep deadlocked
  pass  drain marker present when drainable
  pass  drain null when stopped
  pass  task fields survive shaping
  pass  add appends with fields
  pass  add assigns a fresh id
  pass  add --top prepends
  pass  set patches title and lists
  pass  set empty string clears a field
  pass  remove drops the task
  pass  top moves to head
  pass  move reorders to index
  pass  requeue revives failed
  pass  stop stops
  pass  start resumes
  pass  config sets a string key
  pass  config sets a numeric key
  pass  reassign accepted
  pass  reassign touches no task
  pass  reassign touches no config
  pass  reassign on empty queue is ok
  pass  stop-lane unknown id rejected
  pass  stop-lane accepted
  pass  stop-lane touches no task
  pass  claim-lane unknown id rejected
  pass  claim-lane on failed rejected
  pass  claim-lane activates with first free slot
  pass  claim-lane takes the next free slot
  pass  claim-lane at capacity rejected
  pass  release unknown id rejected
  pass  release on pending rejected
  pass  release returns the lane to pending
  pass  release banks the session (25m)
  pass  release keeps position
  pass  hold unknown id rejected
  pass  hold parks pending
  pass  hold keeps order
  pass  unhold clears the flag
  pass  unhold unknown id rejected
  pass  claim-lane on held rejected
  pass  mark-done completes without validation
  pass  mark-done archives the swept task
  pass  mark-done on done is an idempotent success
  pass  mark-done unknown id rejected
  pass  force-fail goes terminal with operator note
  pass  force-fail honors a custom note
  pass  force-fail on failed is a no-op success
  pass  reopen done → pending
  pass  reopen on pending rejected
  pass  reopen unknown id rejected
  pass  archive sweeps done+failed
  pass  archive reports swept tasks
  pass  archive with nothing to sweep is ok+empty
  pass  archive keeps a depended-on done task
  pass  unknown op rejected
  pass  execution verbs are not ops
  pass  missing op rejected
  pass  add without title rejected
  pass  set unknown id rejected
  pass  remove missing id rejected
  pass  move without integer to rejected
  pass  move negative to rejected
  pass  config unknown key rejected
  pass  config bad number rejected
  pass  set with unknown field rejected
  pass  deps to a nonexistent task rejected
  pass  self-dependency rejected
  pass  dependency cycle rejected
  pass  add with unknown dep rejected
  pass  remove of a depended-on task rejected
  pass  remove of a leaf allowed
  pass  remove of a done task nothing depends on allowed
  pass  clearing deps allowed
  pass  valid multi-dep accepted
  pass  page posts to the op endpoint
  pass  page reads lanes from the api
  pass  page subscribes to SSE
  pass  task list mount point
  pass  add form mount point
  pass  status header mount point
  pass  changed-on-disk banner mount point
  pass  free-lane drop placeholder
  pass  held chip
  pass  elapsed chip
  pass  elapsed live session
  pass  dark default with toggle
  pass  theme toggle button
  pass  theme persists
  pass  empty-state click-to-move hint
  pass  click-to-move fallback
  pass  armed card highlight
  pass  escape disarms
  pass  dispatch plan mount point
  pass  error surface mount point
  pass  kanban Queued column
  pass  kanban Blocked column
  pass  kanban In Progress column
  pass  kanban Done column
  pass  kanban Failed column
  pass  columns render from ConsoleState
  pass  page wires op "add"
  pass  page wires op "set"
  pass  page wires op "remove"
  pass  page wires op "move"
  pass  page wires op "top"
  pass  page wires op "requeue"
  pass  page wires op "start"
  pass  page wires op "stop"
  pass  page wires op "config"
  pass  page wires op "archive"
  pass  page wires op "reassign"
  pass  page wires op "stop-lane"
  pass  page wires op "claim-lane"
  pass  page wires op "release"
  pass  page wires op "hold"
  pass  page wires op "unhold"
  pass  page wires op "mark-done"
  pass  page wires op "force-fail"
  pass  page wires op "reopen"
  pass  rows are draggable
  pass  drag carries data (Firefox)
  pass  dragend fallback
  pass  whole card body grabs
  pass  controls keep their clicks
  pass  page has no execution verbs
  pass  page loads no external assets
  pass  server binds loopback only
  pass  GET / serves the console page
  pass  GET /api/queue reflects the file
  pass  POST op returns fresh state
  pass  POST op mutates the file on disk
  pass  execution verb → 400
  pass  400 carries the reason
  pass  rejected op leaves the file untouched
  pass  malformed JSON → 400
  pass  unknown route → 404
  pass  archive op sweeps the file
  pass  archive op persists the sidecar
  pass  GET /api/lanes reflects sidecars
  pass  SSE endpoint speaks event-stream
  pass  SSE greets the client
  pass  non-loopback Host → 403
  pass  non-JSON content-type → 400
  pass  safelisted-essence smuggling → 400
  pass  json with charset suffix accepted
  pass  close completes with an open SSE client

queue-console.test: 151 passed, 0 failed
  pass  beat stamps updatedAt
  pass  beat keeps worker and step
  pass  beat persists the sidecar file
  pass  second beat merges, keeps step
  pass  readLanes lists every lane
  pass  readLanes skips malformed files
  pass  fresh lane not stale
  pass  old lane stale
  pass  stale lane still readable
  pass  no stop requested initially
  pass  stop flag visible
  pass  stop flag clearable
  pass  clear removes the lane
  pass  clear of unknown lane is a no-op

queue-lanes.test: 14 passed, 0 failed
  pass  explicit say wins
  pass  explicit espeak wins
  pass  explicit xtts wins
  pass  explicit piper wins
  pass  auto → piper when ready
  pass  auto → say on mac when no piper
  pass  auto → espeak on mac when say missing
  pass  auto → espeak on linux (no say even if present-flag)
  pass  auto → espeak on bare linux
  pass  --help exits 0
  pass  --help names the tool
  pass  --help does not start recording

voice-loop: 12 passed, 0 failed
✔ Codex voice invokes exec and resumes the exact returned session (736.909142ms)
✔ Claude remains the default and retains its resume protocol (724.006568ms)
✔ Codex subprocess and protocol failures are spoken as failures (1458.395501ms)
✔ invalid backend fails explicitly and missing binary preserves the session (1.883356ms)
ℹ tests 4
ℹ suites 0
ℹ pass 4
ℹ fail 0
ℹ cancelled 0
ℹ skipped 0
ℹ todo 0
ℹ duration_ms 2926.588296
== worktree add creates an isolated checkout on queue/<id> ==
  pass  worktree dir exists
  pass  branch queue/task-001 made
  pass  task records worktree path
  pass  task records branch
== the worktree is a real, independent working tree ==
  pass  worktree is registered
  pass  commit isolated to branch
  pass  commit on task branch
== a second task gets its own worktree (parallel) ==
  pass  second worktree exists
  pass  two linked worktrees
== worktree remove tears it down and clears the field ==
  pass  worktree dir gone
  pass  field cleared

queue-worktree: 11 passed, 0 failed
== tick exit codes ==
  pass  empty running → idle (3)
  pass  with work → dispatched (0)
  pass  drained → idle (3)
== enqueue kick hint (running + idle) ==
  pass  add hints to start
== stopped vs paused codes ==
  pass  manual stop → stopped (5)
  pass  future pause → paused (4)
  pass  ready also paused (4)
== paused past resumeAt auto-resumes + dispatches ==
  pass  past pause → dispatched (0)
  pass  queue now running (1)
== ready exit codes under parallel cap ==
  pass  ready with slots → dispatched (0)
  pass  ready at cap → idle (3)
== idle fallback cadence is config-driven ==
  pass  loop emits default idlePoll 20m
  pass  loop reflects idlePoll change
  pass  loop names all cadences
== idle terminates the loop when a Monitor is armed ==
  pass  loop arms a Monitor first
  pass  loop terminates on idle
  pass  heartbeat is only the fallback
  pass  loop polls the signal command
  pass  loop: no fire on empty queue
  pass  loop isolates other sessions
  pass  loop stops on ownership conflict
== signal: pollable drain marker, silent on empty (no fire on empty queue) ==
  pass  empty queue → signal idle (3) (3)
  pass  empty queue emits no marker
  pass  drainable → signal dispatched (0) (0)
  pass  drainable emits DRAIN-WANTED
  pass  active driver → signal idle (3) (3)
  pass  active driver emits no marker
  pass  completed task auto-archived (0)
  pass  drained → signal idle (3) (3)
== DRAIN-WANTED marker: non-empty + running ⇒ a driver is wanted ==
  pass  add emits DRAIN-WANTED
  pass  second add updates count
  pass  top re-emits DRAIN-WANTED
  pass  stop suppresses marker (operator halt ≠ stall)
  pass  start re-attaches a driver
== stale ownership fails closed ==
  pass  stale lease → ownership conflict (6)
  pass  stale lease blocks parallel dispatch (6)
  pass  conflict exposes no pending task
  pass  conflicting task stays active

queue-loop: 38 passed, 0 failed
1. New file — absent in consumer → written
  PASS: exit 0
  PASS: AGENTS.md written
  PASS: content correct
  PASS: no sidecar
2. Identical file → skipped silently
  PASS: exit 0
  PASS: not in output
  PASS: no sidecar
3. No base SHA + target differs → sidecar written, original untouched, exit 1
  PASS: exit 1
  PASS: original untouched
  PASS: sidecar created
  PASS: sidecar has scaffold ver
  PASS: Review in output
4. .scaffold-keep — existing file always skipped
  PASS: exit 0
  PASS: original untouched
  PASS: no sidecar
  PASS: Kept in output
5. .scaffold-keep — new file also blocked
  PASS: exit 0
  PASS: file not written
  PASS: Kept in output
6. Uncommitted local edit → skipped
  PASS: Skipped in output
  PASS: local edit intact
7. Three-way merge (base SHA present, clean) → merged
  PASS: sha file created
  PASS: exit 0 (clean merge)
  PASS: consumer line preserved
  PASS: scaffold line merged in
  PASS: no sidecar
8. Run from subdirectory → files land at repo root
  PASS: exit 0
  PASS: file at repo root
  PASS: file NOT in subdir
  PASS: sha file at repo root
9. Manifest missing upstream → non-zero exit, SHA file not written
  PASS: exits non-zero
  PASS: SHA file not saved
  PASS: error mentions manifest
10. Dropped upstream + pristine → removed downstream
  PASS: exit 0
  PASS: pristine orphan removed
  PASS: kept file untouched
  PASS: Removed in output
11. Dropped upstream + locally modified → kept
  PASS: exit 0
  PASS: modified orphan kept
  PASS: edit preserved
  PASS: Kept in output
12. Dropped upstream + .scaffold-keep → kept
  PASS: exit 0
  PASS: keep-listed orphan kept
13. --dry-run → reports would-remove, deletes nothing, no SHA change
  PASS: exit 0
  PASS: file NOT deleted
  PASS: Would remove in output
  PASS: SHA unchanged

Results: 47 passed, 0 failed
1. Default (no flags) — installs sync script, no sync run, no workflow
  PASS: sync script installed
  PASS: workflow NOT installed
  PASS: sync did NOT run
  PASS: next-step hint printed
2. --run flag — sync executes after install
  PASS: sync script installed
  PASS: sync DID run
3. --with-workflow flag — workflow file installed
  PASS: workflow installed
  PASS: sync script installed
4. Non-git directory → error, exit non-zero
  PASS: exits non-zero
5. Idempotent — re-running does not error on existing scaffold remote
  PASS: second run exit 0
6. Run from subdirectory → bin/ lands at repo root
  PASS: exit 0
  PASS: sync script at root
  PASS: bin NOT in subdir
7. Unknown flag → error, exit non-zero
  PASS: unknown flag exits non-zero

Results: 14 passed, 0 failed
Rubric format check: lib/code-quality-rubric.md
  ✓ file exists
  ✓ persona preamble present
  ✓ Quality dimension heading
  ✓ Readability dimension heading
  ✓ Encapsulation dimension heading
  ✓ Clarity dimension heading
  ✓ citation requirement stated
  ✓ score formula present
  ✓ weight declarations present
  ✓ common failure table present
  ✓ parameter count criterion
  ✓ reader load criterion
  ✓ inline override section present
  ✓ inline pragma comment form
  ✓ mechanical criteria not overridable inline
  ✓ malformed pragma flagged as Clarity violation
  ✓ vestige & layering section present
  ✓ R1 no soft-deletes rule
  ✓ R2 dependency-direction rule
  ✓ vestige reviewer prompt present

20 passed, 0 failed.
  ✓ skills/audit.md exists
  ✓ .claude/skills/audit/SKILL.md exists
  ✓ .cursor/rules/audit.mdc exists
  ✓ .agents/skills/audit/SKILL.md exists
  ✓ .agent/workflows/audit.md exists
  ✓ audit.md @-includes shared rubric
  ✓ ranked output described
  ✓ --fix flag described
  ✓ inline override pragma referenced
  ✓ preceding-line suppression described
  ✓ Claude wrapper @-includes skill body
  ✓ Claude wrapper references audit
  ✓ skills/audit.md in scaffold manifest
  ✓ Claude wrapper in scaffold manifest
  ✓ Cursor mirror in scaffold manifest
  ✓ RESOLVER.md has audit entry

16 passed, 0 failed.
  ✓ skills/council.md exists
  ✓ .claude/skills/council/SKILL.md exists
  ✓ .cursor/rules/council.mdc exists
  ✓ .agents/skills/council/SKILL.md exists
  ✓ .agent/workflows/council.md exists
  ✓ advisor persona present: Contrarian
  ✓ advisor persona present: First-Principles
  ✓ advisor persona present: Expansionist
  ✓ advisor persona present: Outsider
  ✓ advisor persona present: Executor
  ✓ advisors run in parallel
  ✓ anonymized peer review described
  ✓ chairman synthesis described
  ✓ isolated-subagent execution described
  ✓ output: agreements section
  ✓ output: clashes section
  ✓ output: concrete next step
  ✓ when-not-to-use guard present
  ✓ Claude wrapper @-includes skill body
  ✓ manifest lists skills/council.md
  ✓ manifest lists .claude/skills/council/SKILL.md
  ✓ manifest lists .cursor/rules/council.mdc
  ✓ manifest lists .agents/skills/council/SKILL.md
  ✓ manifest lists .agent/workflows/council.md
  ✓ RESOLVER.md has council entry

25 passed, 0 failed.
  ✓ @-includes shared rubric
  ✓ score table heading present
  ✓ override syntax referenced
  ✓ inline pragma awareness described
  ✓ 10/10 gate threshold stated
  ✓ auto-fix mode described

6 passed, 0 failed.
TDD rubric integration check: skills/tdd.md
  ✓ @-include of rubric present
  ✓ rubric loaded before GREEN
  ✓ REFACTOR as confirmation framing
  ✓ per-slice score display
  ✓ auto-fix threshold stated
  ✓ surface threshold stated

6 passed, 0 failed.
  ✓ clean file passes
  ✓ long file (>500 lines) fails
  ✓ long file citation includes filename
  ✓ quality-ok: file-length pragma suppresses the length violation
  ✓ magic number file fails
  ✓ magic number citation includes filename
  ✓ commented-out code block fails
  ✓ commented-out code citation includes filename
  ✓ digits inside a quoted string are not a magic number
  ✓ quality-ok: magic-number pragma suppresses violation
  ✓ test file magic numbers are not flagged
  ✓ return/exit values are not flagged as magic numbers
  ✓ @generated file is skipped (machine-authored data)
  ✓ @generated marker only honored in the first 5 lines

14 passed, 0 failed.
  ✓ quality gate mentioned
  ✓ score table referenced
  ✓ 10/10 threshold stated
  ✓ override mechanism referenced
  ✓ quality gate (Step 5) appears before PR body drafting (Step 6)

5 passed, 0 failed.
  ✓ .claude/statusline.sh exists
  ✓ bin/install-statusline.sh exists
  ✓ skills/statusline.md exists
  ✓ .claude/skills/statusline/SKILL.md exists
  ✓ .cursor/rules/statusline.mdc exists
  ✓ .agents/skills/statusline/SKILL.md exists
  ✓ .agent/workflows/statusline.md exists
  ✓ statusline.sh is executable
  ✓ installer is executable
  ✓ statusline shows the model
  ✓ statusline truncates context %
  ✓ statusline rounds the 5h %
  ✓ statusline falls back to 5h — when no rate data
  ✓ installer writes an executable ~/.claude/statusline.sh
  ✓ installer preserves existing settings keys
  ✓ installer adds the statusLine command key
  ✓ installer creates settings.json when absent
  ✓ Claude wrapper @-includes skill body
  ✓ manifest lists skills/statusline.md
  ✓ manifest lists .claude/statusline.sh
  ✓ manifest lists bin/install-statusline.sh
  ✓ manifest lists .claude/skills/statusline/SKILL.md
  ✓ RESOLVER.md has statusline entry

23 passed, 0 failed.
  ✓ js template dir exists
  ✓ js workflow has pull_request trigger
  ✓ js workflow has scaffold marker
  ✓ ts template dir exists
  ✓ ts workflow has pull_request trigger
  ✓ ts workflow has scaffold marker
  ✓ python template dir exists
  ✓ python workflow has pull_request trigger
  ✓ python workflow has scaffold marker
  ✓ go template dir exists
  ✓ go workflow has pull_request trigger
  ✓ go workflow has scaffold marker
  ✓ rust template dir exists
  ✓ rust workflow has pull_request trigger
  ✓ rust workflow has scaffold marker
  ✓ ruby template dir exists
  ✓ ruby workflow has pull_request trigger
  ✓ ruby workflow has scaffold marker
  ✓ shell template dir exists
  ✓ shell workflow has pull_request trigger
  ✓ shell workflow has scaffold marker
  ✓ elixir template dir exists
  ✓ elixir workflow has pull_request trigger
  ✓ elixir workflow has scaffold marker
  ✓ zig template dir exists
  ✓ zig workflow has pull_request trigger
  ✓ zig workflow has scaffold marker
  ✓ mojo template dir exists
  ✓ mojo workflow has pull_request trigger
  ✓ mojo workflow has scaffold marker
  ✓ js config has scaffold marker
  ✓ js config has at least one rubric threshold
  ✓ ts config has scaffold marker
  ✓ ts config has at least one rubric threshold
  ✓ python config has scaffold marker
  ✓ python config has at least one rubric threshold
  ✓ go config has scaffold marker
  ✓ go config has at least one rubric threshold
  ✓ rust config has scaffold marker
  ✓ rust config has at least one rubric threshold
  ✓ ruby config has scaffold marker
  ✓ ruby config has at least one rubric threshold
  ✓ elixir config has scaffold marker
  ✓ elixir config has at least one rubric threshold
  ✓ zig format-only workflow present
  ✓ mojo format-only workflow present

46 passed, 0 failed.
✓ RESOLVER check passed — 27 skills, 0 warning(s).
✓ docs/skills.md sections are up to date — 27 skills, 1 bundled.
